// Jest Snapshot v1, https://goo.gl/fbAQLP

exports[`<BlockRadio /> default props layout 1`] = `
.c2 {
  display: grid;
  grid-gap: 12px;
  -webkit-align-items: center;
  -webkit-box-align: center;
  -ms-flex-align: center;
  align-items: center;
  -webkit-box-pack: start;
  -webkit-justify-content: start;
  -ms-flex-pack: start;
  justify-content: start;
  grid-auto-columns: auto;
  grid-template-rows: auto;
  grid-auto-flow: column;
}

.c0 {
  display: -webkit-box;
  display: -webkit-flex;
  display: -ms-flexbox;
  display: flex;
  -webkit-flex-wrap: wrap;
  -ms-flex-wrap: wrap;
  flex-wrap: wrap;
  -webkit-align-items: stretch;
  -webkit-box-align: stretch;
  -ms-flex-align: stretch;
  align-items: stretch;
  margin-right: -77px;
  margin-bottom: -77px;
  -webkit-flex-direction: row;
  -ms-flex-direction: row;
  flex-direction: row;
}

.c1 {
  --border-color: transparent;
  display: -webkit-box;
  display: -webkit-flex;
  display: -ms-flexbox;
  display: flex;
  -webkit-flex: 1 0 auto;
  -ms-flex: 1 0 auto;
  flex: 1 0 auto;
  -webkit-align-items: center;
  -webkit-box-align: center;
  -ms-flex-align: center;
  align-items: center;
  -webkit-box-pack: center;
  -webkit-justify-content: center;
  -ms-flex-pack: center;
  justify-content: center;
  -webkit-box-flex: var(--flex-grow,1);
  -webkit-flex-grow: var(--flex-grow,1);
  -ms-flex-positive: var(--flex-grow,1);
  flex-grow: var(--flex-grow,1);
  min-height: 32px;
  padding: 0 12px;
  width: auto;
  margin-right: 77px;
  margin-bottom: 77px;
  border: 1.5px solid var(--border-color,var(--lineColor));
  border-radius: 4px;
  cursor: pointer;
  background-color: var(--bg-color,var(--componentBackgroundColorGray));
}

.c1:hover {
  --label-color: var(--primaryColor);
}

.c1[data-is-active='true'] {
  --label-color: var(--primaryColor);
  --border-color: var(--primaryColor);
  --label-weight: 500;
  --bg-color: #fff;
}

.c1[data-is-disabled='true'] {
  cursor: not-allowed;
  --label-color: var(--textColorDisabled);
}

.c1[data-is-active='true'][data-is-disabled='true'] {
  --label-color: initial;
  --border-color: initial;
  --label-weight: initial;
  --bg-color: #fff;
}

.c3 {
  font-size: 12px;
  color: var(--label-color,var(--textColorStrong));
  font-weight: var(--label-weight,normal);
  cursor: inherit;
}

<div
  class="c0"
>
  <div
    class="c1"
    data-is-active="false"
    role="radio"
    style="--flex-grow: 1;"
  >
    <div
      class="c2"
      role="grid"
    >
      <label
        class="c3"
      >
        option 0
      </label>
    </div>
  </div>
  <div
    class="c1"
    data-is-active="false"
    role="radio"
    style="--flex-grow: 1;"
  >
    <div
      class="c2"
      role="grid"
    >
      <label
        class="c3"
      >
        option 1
      </label>
    </div>
  </div>
  <div
    class="c1"
    data-is-active="false"
    role="radio"
    style="--flex-grow: 1;"
  >
    <div
      class="c2"
      role="grid"
    >
      <label
        class="c3"
      >
        option 2
      </label>
    </div>
  </div>
</div>
`;
